// Jest Snapshot v1, https://goo.gl/fbAQLP

exports[`Click tabs it correctly 1`] = `ShallowWrapper {}`;
