// Jest Snapshot v1, https://goo.gl/fbAQLP

exports[`Should FilmList render correctly 1`] = `
<article
  className="small-movie-card catalog__movies-card"
  onClick={[Function]}
>
  <h3
    className="small-movie-card__title"
  >
    <a
      className="small-movie-card__link"
      href="#"
    >
      The Grand Budapest Hotel
    </a>
  </h3>
</article>
`;
